// Vitest Snapshot v1, https://vitest.dev/guide/snapshot.html

exports[`JobApplicationPage > matches snapshot 1`] = `
"<header class="flex h-16 bg-teal-900">
  <div class="flex items-center w-2/3 text-xl md:text-3xl whitespace-nowrap text-white p-2 hover:cursor-pointer"> Job Ad Plaform </div>
  <div class="flex justify-end w-1/3 p-2"><button class="p-2 w-20 lg:mx-2 rounded-md text-white text-xs md:text-xl border-teal-900 border-2 bg-teal-900 flex justify-center items-center whitespace-nowrap">Home</button>
    <!--v-if--><button class="p-2 w-20 lg:mx-2 rounded-md text-white text-xs md:text-xl border-teal-900 border-2 bg-teal-900 flex justify-center items-center whitespace-nowrap">Login</button>
  </div>
</header>
<main>
  <section class="w-full flex justify-center items-center mt-10">
    <div class="max-w-[40rem] rounded-xl md:shadow-xl p-10 w-full p-6 md:shadow-lg">
      <div class="text-center space-y-2">
        <div class="text-3xl font-bold text-xl font-semibold text-gray-800"> Job not found </div>
      </div>
    </div>
  </section>
</main>"
`;
